cp: cannot stat `../../tests/sstruct.in.AMG.FD': No such file or directory
cp: cannot stat `../../tests/sstruct.in.AMG.FD': No such file or directory
cp: cannot stat `../../tests/sstruct.in.AMG.FD': No such file or directory
cp: cannot stat `../../tests/sstruct.in.AMG.FD': No such file or directory
cp: cannot stat `../../tests/sstruct.in.AMG.FD': No such file or directory
cp: cannot stat `../../tests/sstruct.in.AMG.FD': No such file or directory
cp: cannot stat `../../tests/sstruct.in.AMG.FD': No such file or directory
cp: cannot stat `../../tests/sstruct.in.AMG.FD': No such file or directory
cp: cannot stat `../../tests/sstruct.in.AMG.FD': No such file or directory
cp: cannot stat `../../tests/sstruct.in.AMG.FD': No such file or directory
cp: cannot stat `../../tests/sstruct.in.AMG.FD': No such file or directory
cp: cannot stat `../../tests/sstruct.in.AMG.FD': No such file or directory
cp: cannot stat `../../tests/sstruct.in.AMG.FD': No such file or directory
cp: cannot stat `../../tests/sstruct.in.AMG.FD': No such file or directory
cp: cannot stat `../../tests/sstruct.in.AMG.FD': No such file or directory
cp: cannot stat `../../tests/sstruct.in.AMG.FD': No such file or directory
cp: cannot stat `../../tests/sstruct.in.AMG.FD': No such file or directory
cp: cannot stat `../../tests/sstruct.in.AMG.FD': No such file or directory
cp: cannot stat `../../tests/sstruct.in.AMG.FD': No such file or directory
cp: cannot stat `../../tests/sstruct.in.AMG.FD': No such file or directory
cp: cannot stat `../../tests/sstruct.in.AMG.FD': No such file or directory
cp: cannot stat `../../tests/sstruct.in.AMG.FD': No such file or directory
cp: cannot stat `../../tests/sstruct.in.AMG.FD': No such file or directory
cp: cannot stat `../../tests/sstruct.in.AMG.FD': No such file or directory
cp: cannot stat `../../tests/sstruct.in.AMG.FD': No such file or directory
cp: cannot stat `../../tests/sstruct.in.AMG.FD': No such file or directory
cp: cannot stat `../../tests/sstruct.in.AMG.FD': No such file or directory
cp: cannot stat `../../tests/sstruct.in.AMG.FD': No such file or directory
